// Jest Snapshot v1, https://goo.gl/fbAQLP

exports[`should render ExpenseList with empty expenses 1`] = `
<div>
  <h1>
    Expense List
  </h1>
  <p>
    No Expense
  </p>
</div>
`;

exports[`should render ExpenseList with expenses 1`] = `
<div>
  <h1>
    Expense List
  </h1>
  <ExpenseListItem
    amount={195}
    createAt={"1970-01-01T00:00:00.000Z"}
    description="Gum"
    id="1"
    key="1"
    note=""
  />
  <ExpenseListItem
    amount={19500}
    createAt={-345600000}
    description="Rent"
    id="2"
    key="2"
    note=""
  />
  <ExpenseListItem
    amount={4500}
    createAt={345600000}
    description="Credit Card"
    id="3"
    key="3"
    note=""
  />
</div>
`;
